Starting KinetiFi API...
python : 2026-03-10 
21:05:31  INFO      
Connected to execution 
chain 84532
At line:1 char:1
+ python -u "..\Kinetif
i-agent\test_cycle.py" 
> test_output.txt 2>&1
+ ~~~~~~~~~~~~~~~~~~~~~
~~~~~~~~~~~~~~~~~~~~~~~
~~~~~~~~~~~~~~~~~~~~~~
    + CategoryInfo     
         : NotSpecifi  
  ed: (2026-03-10 21   
 :0...ion chain 845    
32:String) [], Rem    
oteException
    + FullyQualifiedEr 
   rorId : NativeComm  
  andError
 
2026-03-10 21:05:31  
INFO      Agent 
wallet: 0x2Ba20848F5125
Dd14B2620d978F83A993176
A43f
2026-03-10 21:05:31  
INFO      
IntentRegistry bound 
at 0xeEa52b6e3bda8a93eD
dE8D97B272025CC5e20Fba
2026-03-10 21:05:32  
INFO      Connected to 
execution chain 84532
2026-03-10 21:05:32  
INFO      Agent 
wallet: 0x2Ba20848F5125
Dd14B2620d978F83A993176
A43f
2026-03-10 21:05:32  
INFO      
IntentRegistry bound 
at 0xeEa52b6e3bda8a93eD
dE8D97B272025CC5e20Fba
2026-03-10 21:05:32  
INFO      
SessionModule bound at 
0x7412118b069BC1aAfE6C5
3ab97bF8541330241b8
2026-03-10 21:05:32  
INFO      
KinetiFiAgent and 
Operator initialised 
successfully for both 
environments.
Running optimization cycle...
2026-03-10 21:05:32  
INFO      Background 
optimisation cycle 
starting for 0xd3fD8179
aA2cF6d00e6b63B0bDd6025
9BeA05637 (env: 
production) à
2026-03-10 21:05:32  
INFO      Zerion 
returned 0 raw 
position entries.
2026-03-10 21:05:32  
INFO      No complex 
positions found. 
Injecting a mock USDC 
position for testing 
execution loop.
2026-03-10 21:05:33  
INFO      DefiLlama: 
2879 pools loaded 
(chain filter='Base').
2026-03-10 21:05:33  
INFO      Scouting 
upgrades for ['USDC'] 
in Mock Aave  (current 
APY=2.00%)
2026-03-10 21:05:33  
INFO        \u26a1 
Strategic Swap 
Opportunity: mUSDC -> 
ETH for woofi-earn
2026-03-10 21:05:33  
INFO      1 upgrade 
opportunity/ies found 
for 0xd3fD8179aA2cF6d00
e6b63B0bDd60259BeA05637
:
2026-03-10 21:05:33  
INFO        ò ['USDC'] 
\u2192 woofi-earn 
(Base) | 2.00% \u2192 
4.68% | \u0394 188 bps
2026-03-10 21:05:33  
INFO        
\u2139\ufe0f 
Opportunity synced for 
manual review (below 
auto-threshold).
Optimization cycle finished.
